\BOOKMARK [0][-]{chapter*.1}{\376\377\000D\000e\000c\000l\000a\000r\000a\000t\000i\000o\000n\000\040\000o\000f\000\040\000O\000r\000i\000g\000i\000n\000a\000l\000i\000t\000y}{}% 1
\BOOKMARK [0][-]{chapter*.2}{\376\377\000A\000b\000s\000t\000r\000a\000c\000t}{}% 2
\BOOKMARK [0][-]{chapter*.3}{\376\377\000A\000c\000k\000n\000o\000w\000l\000e\000d\000g\000m\000e\000n\000t}{}% 3
\BOOKMARK [0][-]{chapter*.4}{\376\377\000D\000e\000d\000i\000c\000a\000t\000i\000o\000n}{}% 4
\BOOKMARK [0][-]{chapter*.9}{\376\377\000L\000i\000s\000t\000\040\000o\000f\000\040\000A\000b\000b\000r\000e\000v\000i\000a\000t\000i\000o\000n\000s\000\040\000a\000n\000d\000\040\000A\000c\000r\000o\000n\000y\000m\000s}{}% 5
\BOOKMARK [0][-]{chapter*.11}{\376\377\000G\000l\000o\000s\000s\000a\000r\000y}{}% 6
\BOOKMARK [0][-]{chapter.1}{\376\377\000I\000n\000t\000r\000o\000d\000u\000c\000t\000i\000o\000n}{}% 7
\BOOKMARK [1][-]{section.1.1}{\376\377\000P\000r\000o\000b\000l\000e\000m\000\040\000S\000t\000a\000t\000e\000m\000e\000n\000t}{chapter.1}% 8
\BOOKMARK [1][-]{section.1.2}{\376\377\000M\000o\000t\000i\000v\000a\000t\000i\000o\000n\000\040\000a\000n\000d\000\040\000S\000i\000g\000n\000i\000f\000i\000c\000a\000n\000c\000e}{chapter.1}% 9
\BOOKMARK [1][-]{section.1.3}{\376\377\000R\000e\000s\000e\000a\000r\000c\000h\000\040\000G\000a\000p\000s\000,\000\040\000Q\000u\000e\000s\000t\000i\000o\000n\000s\000,\000\040\000a\000n\000d\000\040\000O\000b\000j\000e\000c\000t\000i\000v\000e\000s}{chapter.1}% 10
\BOOKMARK [2][-]{subsection.1.3.1}{\376\377\000R\000e\000s\000e\000a\000r\000c\000h\000\040\000G\000a\000p\000s}{section.1.3}% 11
\BOOKMARK [2][-]{subsection.1.3.2}{\376\377\000R\000e\000s\000e\000a\000r\000c\000h\000\040\000Q\000u\000e\000s\000t\000i\000o\000n\000s}{section.1.3}% 12
\BOOKMARK [2][-]{subsection.1.3.3}{\376\377\000R\000e\000s\000e\000a\000r\000c\000h\000\040\000O\000b\000j\000e\000c\000t\000i\000v\000e\000s}{section.1.3}% 13
\BOOKMARK [1][-]{section.1.4}{\376\377\000P\000r\000o\000p\000o\000s\000e\000d\000\040\000S\000o\000l\000u\000t\000i\000o\000n\000\040\000O\000v\000e\000r\000v\000i\000e\000w}{chapter.1}% 14
\BOOKMARK [1][-]{section.1.5}{\376\377\000T\000h\000e\000s\000i\000s\000\040\000O\000r\000g\000a\000n\000i\000s\000a\000t\000i\000o\000n}{chapter.1}% 15
\BOOKMARK [0][-]{chapter.2}{\376\377\000L\000i\000t\000e\000r\000a\000t\000u\000r\000e\000\040\000R\000e\000v\000i\000e\000w}{}% 16
\BOOKMARK [1][-]{section.2.1}{\376\377\000D\000o\000m\000a\000i\000n\000\040\000B\000a\000c\000k\000g\000r\000o\000u\000n\000d}{chapter.2}% 17
\BOOKMARK [2][-]{subsection.2.1.1}{\376\377\000T\000h\000e\000\040\000B\000a\000n\000k\000\040\000A\000c\000c\000o\000u\000n\000t\000\040\000F\000r\000a\000u\000d\000\040\000D\000a\000t\000a\000s\000e\000t\000\040\000S\000u\000i\000t\000e}{section.2.1}% 18
\BOOKMARK [2][-]{subsection.2.1.2}{\376\377\000F\000a\000i\000r\000n\000e\000s\000s\000\040\000C\000o\000n\000s\000i\000d\000e\000r\000a\000t\000i\000o\000n\000s\000\040\000i\000n\000\040\000F\000r\000a\000u\000d\000\040\000D\000e\000t\000e\000c\000t\000i\000o\000n}{section.2.1}% 19
\BOOKMARK [1][-]{section.2.2}{\376\377\000S\000t\000a\000t\000e\000-\000o\000f\000-\000t\000h\000e\000-\000A\000r\000t\000\040\000i\000n\000\040\000S\000o\000f\000t\000w\000a\000r\000e\000\040\000S\000o\000l\000u\000t\000i\000o\000n\000s}{chapter.2}% 20
\BOOKMARK [1][-]{section.2.3}{\376\377\000S\000u\000r\000v\000e\000y\000\040\000o\000f\000\040\000A\000p\000p\000r\000o\000a\000c\000h\000e\000s}{chapter.2}% 21
\BOOKMARK [2][-]{subsection.2.3.1}{\376\377\000T\000r\000a\000d\000i\000t\000i\000o\000n\000a\000l\000\040\000a\000n\000d\000\040\000R\000u\000l\000e\000-\000B\000a\000s\000e\000d\000\040\000A\000p\000p\000r\000o\000a\000c\000h\000e\000s}{section.2.3}% 22
\BOOKMARK [2][-]{subsection.2.3.2}{\376\377\000C\000l\000a\000s\000s\000i\000c\000a\000l\000\040\000M\000a\000c\000h\000i\000n\000e\000\040\000L\000e\000a\000r\000n\000i\000n\000g\000\040\000A\000p\000p\000r\000o\000a\000c\000h\000e\000s}{section.2.3}% 23
\BOOKMARK [2][-]{subsection.2.3.3}{\376\377\000G\000r\000a\000p\000h\000\040\000N\000e\000u\000r\000a\000l\000\040\000N\000e\000t\000w\000o\000r\000k\000\040\000A\000p\000p\000r\000o\000a\000c\000h\000e\000s}{section.2.3}% 24
\BOOKMARK [2][-]{subsection.2.3.4}{\376\377\000S\000p\000i\000k\000i\000n\000g\000\040\000N\000e\000u\000r\000a\000l\000\040\000N\000e\000t\000w\000o\000r\000k\000\040\000A\000p\000p\000r\000o\000a\000c\000h\000e\000s}{section.2.3}% 25
\BOOKMARK [2][-]{subsection.2.3.5}{\376\377\000A\000u\000t\000o\000e\000n\000c\000o\000d\000e\000r\000-\000B\000a\000s\000e\000d\000\040\000A\000p\000p\000r\000o\000a\000c\000h\000e\000s}{section.2.3}% 26
\BOOKMARK [2][-]{subsection.2.3.6}{\376\377\000C\000o\000m\000p\000a\000r\000a\000t\000i\000v\000e\000\040\000A\000n\000a\000l\000y\000s\000i\000s\000\040\000o\000f\000\040\000A\000p\000p\000r\000o\000a\000c\000h\000e\000s}{section.2.3}% 27
\BOOKMARK [1][-]{section.2.4}{\376\377\000I\000d\000e\000n\000t\000i\000f\000i\000c\000a\000t\000i\000o\000n\000\040\000o\000f\000\040\000R\000e\000s\000e\000a\000r\000c\000h\000\040\000G\000a\000p\000s}{chapter.2}% 28
\BOOKMARK [2][-]{subsection.2.4.1}{\376\377\000G\000a\000p\000\040\0001\000:\000\040\000A\000b\000s\000e\000n\000c\000e\000\040\000o\000f\000\040\000M\000u\000l\000t\000i\000-\000P\000a\000r\000a\000d\000i\000g\000m\000\040\000C\000o\000m\000p\000a\000r\000i\000s\000o\000n\000\040\000U\000n\000d\000e\000r\000\040\000U\000n\000i\000f\000i\000e\000d\000\040\000C\000o\000n\000d\000i\000t\000i\000o\000n\000s}{section.2.4}% 29
\BOOKMARK [2][-]{subsection.2.4.2}{\376\377\000G\000a\000p\000\040\0002\000:\000\040\000I\000n\000s\000u\000f\000f\000i\000c\000i\000e\000n\000t\000\040\000E\000x\000p\000l\000o\000i\000t\000a\000t\000i\000o\000n\000\040\000o\000f\000\040\000R\000e\000l\000a\000t\000i\000o\000n\000a\000l\000\040\000S\000t\000r\000u\000c\000t\000u\000r\000e\000\040\000i\000n\000\040\000A\000n\000o\000m\000a\000l\000y\000\040\000D\000e\000t\000e\000c\000t\000i\000o\000n}{section.2.4}% 30
\BOOKMARK [2][-]{subsection.2.4.3}{\376\377\000G\000a\000p\000\040\0003\000:\000\040\000L\000i\000m\000i\000t\000e\000d\000\040\000U\000n\000d\000e\000r\000s\000t\000a\000n\000d\000i\000n\000g\000\040\000o\000f\000\040\000D\000e\000n\000o\000i\000s\000i\000n\000g\000\040\000A\000u\000t\000o\000e\000n\000c\000o\000d\000e\000r\000s\000\040\000f\000o\000r\000\040\000T\000a\000b\000u\000l\000a\000r\000\040\000F\000r\000a\000u\000d\000\040\000D\000a\000t\000a}{section.2.4}% 31
\BOOKMARK [2][-]{subsection.2.4.4}{\376\377\000G\000a\000p\000\040\0004\000:\000\040\000T\000e\000m\000p\000o\000r\000a\000l\000\040\000R\000o\000b\000u\000s\000t\000n\000e\000s\000s\000\040\000A\000c\000r\000o\000s\000s\000\040\000D\000i\000s\000t\000r\000i\000b\000u\000t\000i\000o\000n\000a\000l\000\040\000S\000h\000i\000f\000t\000s}{section.2.4}% 32
\BOOKMARK [2][-]{subsection.2.4.5}{\376\377\000G\000a\000p\000\040\0005\000:\000\040\000I\000n\000t\000e\000g\000r\000a\000t\000i\000o\000n\000\040\000o\000f\000\040\000S\000o\000f\000t\000w\000a\000r\000e\000\040\000E\000n\000g\000i\000n\000e\000e\000r\000i\000n\000g\000\040\000P\000r\000a\000c\000t\000i\000c\000e\000s\000\040\000w\000i\000t\000h\000\040\000M\000u\000l\000t\000i\000-\000\040\000M\000o\000d\000e\000l\000\040\000F\000r\000a\000u\000d\000\040\000D\000e\000t\000e\000c\000t\000i\000o\000n}{section.2.4}% 33
\BOOKMARK [2][-]{subsection.2.4.6}{\376\377\000S\000u\000m\000m\000a\000r\000y\000:\000\040\000H\000o\000w\000\040\000T\000h\000i\000s\000\040\000T\000h\000e\000s\000i\000s\000\040\000F\000i\000l\000l\000s\000\040\000t\000h\000e\000\040\000V\000o\000i\000d}{section.2.4}% 34
\BOOKMARK [0][-]{chapter.3}{\376\377\000A\000n\000a\000l\000y\000s\000i\000s\000\040\000a\000n\000d\000\040\000R\000e\000q\000u\000i\000r\000e\000m\000e\000n\000t\000s\000\040\000E\000n\000g\000i\000n\000e\000e\000r\000i\000n\000g}{}% 35
\BOOKMARK [1][-]{section.3.1}{\376\377\000S\000t\000a\000k\000e\000h\000o\000l\000d\000e\000r\000\040\000A\000n\000a\000l\000y\000s\000i\000s}{chapter.3}% 36
\BOOKMARK [1][-]{section.3.2}{\376\377\000F\000u\000n\000c\000t\000i\000o\000n\000a\000l\000\040\000R\000e\000q\000u\000i\000r\000e\000m\000e\000n\000t\000s}{chapter.3}% 37
\BOOKMARK [1][-]{section.3.3}{\376\377\000N\000o\000n\000-\000F\000u\000n\000c\000t\000i\000o\000n\000a\000l\000\040\000R\000e\000q\000u\000i\000r\000e\000m\000e\000n\000t\000s}{chapter.3}% 38
\BOOKMARK [1][-]{section.3.4}{\376\377\000D\000a\000t\000a\000\040\000R\000e\000q\000u\000i\000r\000e\000m\000e\000n\000t\000s}{chapter.3}% 39
\BOOKMARK [0][-]{chapter.4}{\376\377\000S\000y\000s\000t\000e\000m\000\040\000A\000r\000c\000h\000i\000t\000e\000c\000t\000u\000r\000e\000\040\000a\000n\000d\000\040\000D\000e\000s\000i\000g\000n}{}% 40
\BOOKMARK [1][-]{section.4.1}{\376\377\000H\000i\000g\000h\000-\000L\000e\000v\000e\000l\000\040\000S\000y\000s\000t\000e\000m\000\040\000A\000r\000c\000h\000i\000t\000e\000c\000t\000u\000r\000e}{chapter.4}% 41
\BOOKMARK [1][-]{section.4.2}{\376\377\000C\000o\000m\000p\000o\000n\000e\000n\000t\000\040\000D\000e\000s\000i\000g\000n}{chapter.4}% 42
\BOOKMARK [2][-]{subsection.4.2.1}{\376\377\000F\000r\000a\000u\000d\000G\000r\000a\000p\000h\000B\000u\000i\000l\000d\000e\000r\000\040\000C\000o\000m\000p\000o\000n\000e\000n\000t}{section.4.2}% 43
\BOOKMARK [2][-]{subsection.4.2.2}{\376\377\000G\000N\000N\000\040\000M\000o\000d\000e\000l\000\040\000C\000o\000m\000p\000o\000n\000e\000n\000t\000s}{section.4.2}% 44
\BOOKMARK [2][-]{subsection.4.2.3}{\376\377\000S\000N\000N\000\040\000P\000i\000p\000e\000l\000i\000n\000e\000\040\000C\000o\000m\000p\000o\000n\000e\000n\000t\000s}{section.4.2}% 45
\BOOKMARK [2][-]{subsection.4.2.4}{\376\377\000A\000u\000t\000o\000e\000n\000c\000o\000d\000e\000r\000\040\000P\000i\000p\000e\000l\000i\000n\000e\000\040\000C\000o\000m\000p\000o\000n\000e\000n\000t\000s}{section.4.2}% 46
\BOOKMARK [2][-]{subsection.4.2.5}{\376\377\000E\000v\000a\000l\000u\000a\000t\000i\000o\000n\000\040\000a\000n\000d\000\040\000M\000o\000n\000i\000t\000o\000r\000i\000n\000g\000\040\000C\000o\000m\000p\000o\000n\000e\000n\000t\000s}{section.4.2}% 47
\BOOKMARK [1][-]{section.4.3}{\376\377\000T\000h\000e\000\040\000A\000I\000\040\000P\000i\000p\000e\000l\000i\000n\000e\000\040\000A\000r\000c\000h\000i\000t\000e\000c\000t\000u\000r\000e}{chapter.4}% 48
\BOOKMARK [1][-]{section.4.4}{\376\377\000T\000e\000c\000h\000n\000o\000l\000o\000g\000y\000\040\000S\000t\000a\000c\000k\000\040\000S\000e\000l\000e\000c\000t\000i\000o\000n}{chapter.4}% 49
\BOOKMARK [0][-]{chapter.5}{\376\377\000P\000i\000p\000e\000l\000i\000n\000e\000\040\000I\000:\000\040\000G\000r\000a\000p\000h\000\040\000N\000e\000u\000r\000a\000l\000\040\000N\000e\000t\000w\000o\000r\000k\040\023\000B\000a\000s\000e\000d\000\040\000F\000r\000a\000u\000d\000\040\000D\000e\000t\000e\000c\000t\000i\000o\000n}{}% 50
\BOOKMARK [1][-]{section.5.1}{\376\377\000D\000a\000t\000a\000\040\000P\000r\000e\000p\000r\000o\000c\000e\000s\000s\000i\000n\000g\000\040\000T\000e\000c\000h\000n\000i\000q\000u\000e\000s}{chapter.5}% 51
\BOOKMARK [1][-]{section.5.2}{\376\377\000M\000o\000d\000e\000l\000\040\000S\000e\000l\000e\000c\000t\000i\000o\000n\000\040\000a\000n\000d\000\040\000J\000u\000s\000t\000i\000f\000i\000c\000a\000t\000i\000o\000n}{chapter.5}% 52
\BOOKMARK [2][-]{subsection.5.2.1}{\376\377\000G\000r\000a\000p\000h\000S\000A\000G\000E\000:\000\040\000S\000p\000a\000t\000i\000a\000l\000\040\000N\000e\000i\000g\000h\000b\000o\000r\000h\000o\000o\000d\000\040\000A\000g\000g\000r\000e\000g\000a\000t\000i\000o\000n}{section.5.2}% 53
\BOOKMARK [2][-]{subsection.5.2.2}{\376\377\000Q\000u\000a\000n\000t\000u\000m\000\040\000G\000N\000N\000:\000\040\000H\000y\000b\000r\000i\000d\000\040\000Q\000u\000a\000n\000t\000u\000m\000-\000C\000l\000a\000s\000s\000i\000c\000a\000l\000\040\000A\000p\000p\000r\000o\000a\000c\000h}{section.5.2}% 54
\BOOKMARK [2][-]{subsection.5.2.3}{\376\377\000S\000p\000l\000i\000t\000\040\000G\000N\000N\000:\000\040\000S\000p\000e\000c\000t\000r\000a\000l\000\040\000G\000r\000a\000p\000h\000\040\000S\000p\000l\000i\000t\000t\000i\000n\000g\000\040\000w\000i\000t\000h\000\040\000W\000a\000v\000e\000l\000e\000t\000\040\000F\000i\000l\000t\000e\000r\000i\000n\000g}{section.5.2}% 55
\BOOKMARK [1][-]{section.5.3}{\376\377\000F\000e\000a\000t\000u\000r\000e\000\040\000E\000n\000g\000i\000n\000e\000e\000r\000i\000n\000g\000\040\000a\000n\000d\000\040\000S\000e\000l\000e\000c\000t\000i\000o\000n}{chapter.5}% 56
\BOOKMARK [1][-]{section.5.4}{\376\377\000H\000y\000p\000e\000r\000p\000a\000r\000a\000m\000e\000t\000e\000r\000\040\000O\000p\000t\000i\000m\000i\000s\000a\000t\000i\000o\000n\000\040\000S\000t\000r\000a\000t\000e\000g\000y}{chapter.5}% 57
\BOOKMARK [1][-]{section.5.5}{\376\377\000S\000o\000f\000t\000w\000a\000r\000e\000\040\000I\000m\000p\000l\000e\000m\000e\000n\000t\000a\000t\000i\000o\000n\000\040\000D\000e\000t\000a\000i\000l\000s}{chapter.5}% 58
\BOOKMARK [2][-]{subsection.5.5.1}{\376\377\000G\000r\000a\000p\000h\000S\000A\000G\000E\000\040\000I\000m\000p\000l\000e\000m\000e\000n\000t\000a\000t\000i\000o\000n}{section.5.5}% 59
\BOOKMARK [2][-]{subsection.5.5.2}{\376\377\000Q\000G\000N\000N\000\040\000I\000m\000p\000l\000e\000m\000e\000n\000t\000a\000t\000i\000o\000n}{section.5.5}% 60
\BOOKMARK [2][-]{subsection.5.5.3}{\376\377\000S\000p\000l\000i\000t\000\040\000G\000N\000N\000\040\000I\000m\000p\000l\000e\000m\000e\000n\000t\000a\000t\000i\000o\000n}{section.5.5}% 61
\BOOKMARK [1][-]{section.5.6}{\376\377\000E\000x\000p\000e\000r\000i\000m\000e\000n\000t\000a\000l\000\040\000D\000e\000s\000i\000g\000n\000\040\000a\000n\000d\000\040\000E\000v\000a\000l\000u\000a\000t\000i\000o\000n}{chapter.5}% 62
\BOOKMARK [2][-]{subsection.5.6.1}{\376\377\000E\000x\000p\000e\000r\000i\000m\000e\000n\000t\000a\000l\000\040\000S\000e\000t\000u\000p}{section.5.6}% 63
\BOOKMARK [2][-]{subsection.5.6.2}{\376\377\000B\000a\000s\000e\000l\000i\000n\000e\000s\000\040\000a\000n\000d\000\040\000C\000o\000m\000p\000a\000r\000a\000t\000i\000v\000e\000\040\000B\000e\000n\000c\000h\000m\000a\000r\000k\000s}{section.5.6}% 64
\BOOKMARK [2][-]{subsection.5.6.3}{\376\377\000E\000v\000a\000l\000u\000a\000t\000i\000o\000n\000\040\000M\000e\000t\000r\000i\000c\000s}{section.5.6}% 65
\BOOKMARK [2][-]{subsection.5.6.4}{\376\377\000A\000b\000l\000a\000t\000i\000o\000n\000\040\000S\000t\000u\000d\000i\000e\000s}{section.5.6}% 66
\BOOKMARK [2][-]{subsection.5.6.5}{\376\377\000S\000t\000a\000t\000i\000s\000t\000i\000c\000a\000l\000\040\000S\000i\000g\000n\000i\000f\000i\000c\000a\000n\000c\000e\000\040\000T\000e\000s\000t\000i\000n\000g}{section.5.6}% 67
\BOOKMARK [1][-]{section.5.7}{\376\377\000R\000e\000s\000u\000l\000t\000s\000\040\000a\000n\000d\000\040\000D\000i\000s\000c\000u\000s\000s\000i\000o\000n}{chapter.5}% 68
\BOOKMARK [2][-]{subsection.5.7.1}{\376\377\000G\000r\000a\000p\000h\000S\000A\000G\000E\000\040\000R\000e\000s\000u\000l\000t\000s}{section.5.7}% 69
\BOOKMARK [2][-]{subsection.5.7.2}{\376\377\000Q\000G\000N\000N\000\040\000R\000e\000s\000u\000l\000t\000s}{section.5.7}% 70
\BOOKMARK [2][-]{subsection.5.7.3}{\376\377\000S\000p\000l\000i\000t\000\040\000G\000N\000N\000\040\000R\000e\000s\000u\000l\000t\000s}{section.5.7}% 71
\BOOKMARK [2][-]{subsection.5.7.4}{\376\377\000C\000r\000o\000s\000s\000-\000V\000e\000r\000s\000i\000o\000n\000\040\000F\000a\000i\000r\000n\000e\000s\000s\000\040\000R\000e\000s\000u\000l\000t\000s}{section.5.7}% 72
\BOOKMARK [2][-]{subsection.5.7.5}{\376\377\000R\000e\000s\000a\000m\000p\000l\000i\000n\000g\000\040\000E\000x\000p\000e\000r\000i\000m\000e\000n\000t\000\040\000R\000e\000s\000u\000l\000t\000s}{section.5.7}% 73
\BOOKMARK [2][-]{subsection.5.7.6}{\376\377\000C\000r\000o\000s\000s\000-\000A\000r\000c\000h\000i\000t\000e\000c\000t\000u\000r\000e\000\040\000P\000e\000r\000f\000o\000r\000m\000a\000n\000c\000e\000\040\000C\000o\000m\000p\000a\000r\000i\000s\000o\000n}{section.5.7}% 74
\BOOKMARK [2][-]{subsection.5.7.7}{\376\377\000A\000r\000c\000h\000i\000t\000e\000c\000t\000u\000r\000a\000l\000\040\000D\000e\000s\000i\000g\000n\000\040\000C\000o\000m\000p\000a\000r\000i\000s\000o\000n}{section.5.7}% 75
\BOOKMARK [2][-]{subsection.5.7.8}{\376\377\000P\000r\000a\000c\000t\000i\000c\000a\000l\000\040\000D\000e\000p\000l\000o\000y\000m\000e\000n\000t\000\040\000C\000o\000n\000s\000i\000d\000e\000r\000a\000t\000i\000o\000n\000s}{section.5.7}% 76
\BOOKMARK [2][-]{subsection.5.7.9}{\376\377\000S\000u\000b\000g\000r\000o\000u\000p\000\040\000F\000a\000i\000r\000n\000e\000s\000s\000\040\000A\000n\000a\000l\000y\000s\000i\000s}{section.5.7}% 77
\BOOKMARK [2][-]{subsection.5.7.10}{\376\377\000I\000m\000p\000l\000i\000c\000a\000t\000i\000o\000n\000s\000\040\000f\000o\000r\000\040\000S\000o\000f\000t\000w\000a\000r\000e\000\040\000E\000n\000g\000i\000n\000e\000e\000r\000i\000n\000g\000\040\000P\000r\000a\000c\000t\000i\000c\000e}{section.5.7}% 78
\BOOKMARK [2][-]{subsection.5.7.11}{\376\377\000L\000i\000m\000i\000t\000a\000t\000i\000o\000n\000s\000\040\000o\000f\000\040\000t\000h\000e\000\040\000C\000u\000r\000r\000e\000n\000t\000\040\000A\000p\000p\000r\000o\000a\000c\000h}{section.5.7}% 79
\BOOKMARK [0][-]{chapter.6}{\376\377\000P\000i\000p\000e\000l\000i\000n\000e\000\040\000I\000I\000:\000\040\000S\000p\000i\000k\000i\000n\000g\000\040\000N\000e\000u\000r\000a\000l\000\040\000N\000e\000t\000w\000o\000r\000k\040\023\000B\000a\000s\000e\000d\000\040\000F\000r\000a\000u\000d\000\040\000D\000e\000t\000e\000c\000t\000i\000o\000n}{}% 80
\BOOKMARK [1][-]{section.6.1}{\376\377\000I\000n\000t\000r\000o\000d\000u\000c\000t\000i\000o\000n\000\040\000a\000n\000d\000\040\000R\000e\000s\000e\000a\000r\000c\000h\000\040\000Q\000u\000e\000s\000t\000i\000o\000n\000s}{chapter.6}% 81
\BOOKMARK [1][-]{section.6.2}{\376\377\000T\000h\000e\000o\000r\000e\000t\000i\000c\000a\000l\000\040\000B\000a\000c\000k\000g\000r\000o\000u\000n\000d}{chapter.6}% 82
\BOOKMARK [2][-]{subsection.6.2.1}{\376\377\000E\000v\000o\000l\000u\000t\000i\000o\000n\000\040\000o\000f\000\040\000N\000e\000u\000r\000a\000l\000\040\000C\000o\000m\000p\000u\000t\000i\000n\000g\000\040\000P\000a\000r\000a\000d\000i\000g\000m\000s}{section.6.2}% 83
\BOOKMARK [2][-]{subsection.6.2.2}{\376\377\000B\000i\000o\000l\000o\000g\000i\000c\000a\000l\000\040\000N\000e\000u\000r\000o\000n\000\040\000M\000o\000d\000e\000l\000s}{section.6.2}% 84
\BOOKMARK [2][-]{subsection.6.2.3}{\376\377\000M\000a\000t\000h\000e\000m\000a\000t\000i\000c\000a\000l\000\040\000F\000o\000r\000m\000u\000l\000a\000t\000i\000o\000n\000\040\000o\000f\000\040\000t\000h\000e\000\040\000L\000I\000F\000\040\000N\000e\000u\000r\000o\000n}{section.6.2}% 85
\BOOKMARK [2][-]{subsection.6.2.4}{\376\377\000S\000p\000i\000k\000e\000\040\000E\000n\000c\000o\000d\000i\000n\000g\000\040\000F\000r\000a\000m\000e\000w\000o\000r\000k\000s}{section.6.2}% 86
\BOOKMARK [2][-]{subsection.6.2.5}{\376\377\000S\000u\000r\000r\000o\000g\000a\000t\000e\000\040\000G\000r\000a\000d\000i\000e\000n\000t\000\040\000D\000e\000s\000c\000e\000n\000t\000\040\000a\000n\000d\000\040\000B\000P\000T\000T}{section.6.2}% 87
\BOOKMARK [1][-]{section.6.3}{\376\377\000P\000r\000e\000p\000r\000o\000c\000e\000s\000s\000i\000n\000g\000\040\000a\000n\000d\000\040\000S\000p\000i\000k\000e\000\040\000G\000e\000n\000e\000r\000a\000t\000i\000o\000n}{chapter.6}% 88
\BOOKMARK [2][-]{subsection.6.3.1}{\376\377\000D\000a\000t\000a\000\040\000P\000r\000e\000p\000r\000o\000c\000e\000s\000s\000i\000n\000g\000\040\000P\000i\000p\000e\000l\000i\000n\000e}{section.6.3}% 89
\BOOKMARK [2][-]{subsection.6.3.2}{\376\377\000S\000e\000l\000e\000c\000t\000i\000v\000e\000\040\000M\000i\000n\000M\000a\000x\000\040\000N\000o\000r\000m\000a\000l\000i\000s\000a\000t\000i\000o\000n}{section.6.3}% 90
\BOOKMARK [2][-]{subsection.6.3.3}{\376\377\000R\000a\000t\000e\000\040\000C\000o\000d\000i\000n\000g}{section.6.3}% 91
\BOOKMARK [2][-]{subsection.6.3.4}{\376\377\000T\000e\000n\000s\000o\000r\000\040\000D\000i\000m\000e\000n\000s\000i\000o\000n\000a\000l\000i\000t\000y\000\040\000T\000r\000a\000n\000s\000f\000o\000r\000m\000a\000t\000i\000o\000n}{section.6.3}% 92
\BOOKMARK [2][-]{subsection.6.3.5}{\376\377\000S\000p\000i\000k\000e\000\040\000A\000g\000g\000r\000e\000g\000a\000t\000i\000o\000n\000\040\000a\000n\000d\000\040\000O\000u\000t\000p\000u\000t\000\040\000D\000e\000c\000o\000d\000i\000n\000g}{section.6.3}% 93
\BOOKMARK [1][-]{section.6.4}{\376\377\000A\000r\000c\000h\000i\000t\000e\000c\000t\000u\000r\000e\000\040\000a\000n\000d\000\040\000I\000m\000p\000l\000e\000m\000e\000n\000t\000a\000t\000i\000o\000n}{chapter.6}% 94
\BOOKMARK [2][-]{subsection.6.4.1}{\376\377\000F\000r\000a\000u\000d\000S\000N\000N\000\137\000S\000u\000p\000e\000r\000D\000e\000e\000p\000\040\000A\000r\000c\000h\000i\000t\000e\000c\000t\000u\000r\000e}{section.6.4}% 95
\BOOKMARK [2][-]{subsection.6.4.2}{\376\377\000T\000r\000a\000i\000n\000i\000n\000g\000\040\000C\000o\000n\000f\000i\000g\000u\000r\000a\000t\000i\000o\000n}{section.6.4}% 96
\BOOKMARK [2][-]{subsection.6.4.3}{\376\377\000B\000a\000s\000e\000l\000i\000n\000e\000\040\000M\000o\000d\000e\000l\000s}{section.6.4}% 97
\BOOKMARK [2][-]{subsection.6.4.4}{\376\377\000E\000n\000s\000e\000m\000b\000l\000e\000\040\000V\000o\000t\000i\000n\000g\000\040\000S\000e\000a\000r\000c\000h}{section.6.4}% 98
\BOOKMARK [1][-]{section.6.5}{\376\377\000E\000x\000p\000e\000r\000i\000m\000e\000n\000t\000a\000l\000\040\000R\000e\000s\000u\000l\000t\000s}{chapter.6}% 99
\BOOKMARK [2][-]{subsection.6.5.1}{\376\377\000M\000o\000d\000e\000l\000\040\000P\000e\000r\000f\000o\000r\000m\000a\000n\000c\000e\000\040\000A\000c\000r\000o\000s\000s\000\040\000B\000A\000F\000\040\000V\000a\000r\000i\000a\000n\000t\000s}{section.6.5}% 100
\BOOKMARK [2][-]{subsection.6.5.2}{\376\377\000I\000n\000d\000i\000v\000i\000d\000u\000a\000l\000\040\000M\000o\000d\000e\000l\000\040\000R\000a\000n\000k\000i\000n\000g\000s}{section.6.5}% 101
\BOOKMARK [2][-]{subsection.6.5.3}{\376\377\000E\000n\000s\000e\000m\000b\000l\000e\000\040\000R\000e\000s\000u\000l\000t\000s}{section.6.5}% 102
\BOOKMARK [2][-]{subsection.6.5.4}{\376\377\000F\000a\000i\000r\000n\000e\000s\000s\000\040\000E\000v\000a\000l\000u\000a\000t\000i\000o\000n\000\040\000R\000e\000s\000u\000l\000t\000s}{section.6.5}% 103
\BOOKMARK [1][-]{section.6.6}{\376\377\000A\000n\000a\000l\000y\000s\000i\000s\000\040\000a\000n\000d\000\040\000D\000i\000s\000c\000u\000s\000s\000i\000o\000n}{chapter.6}% 104
\BOOKMARK [2][-]{subsection.6.6.1}{\376\377\000S\000N\000N\000\040\000D\000i\000s\000c\000r\000i\000m\000i\000n\000a\000t\000i\000v\000e\000\040\000C\000a\000p\000a\000b\000i\000l\000i\000t\000y}{section.6.6}% 105
\BOOKMARK [2][-]{subsection.6.6.2}{\376\377\000C\000a\000l\000i\000b\000r\000a\000t\000i\000o\000n\000\040\000I\000n\000s\000t\000a\000b\000i\000l\000i\000t\000y}{section.6.6}% 106
\BOOKMARK [2][-]{subsection.6.6.3}{\376\377\000T\000e\000m\000p\000o\000r\000a\000l\000\040\000D\000i\000s\000t\000r\000i\000b\000u\000t\000i\000o\000n\000\040\000S\000h\000i\000f\000t}{section.6.6}% 107
\BOOKMARK [2][-]{subsection.6.6.4}{\376\377\000C\000o\000m\000p\000a\000r\000i\000s\000o\000n\000\040\000w\000i\000t\000h\000\040\000C\000S\000N\000P\000C\000\040\000A\000r\000c\000h\000i\000t\000e\000c\000t\000u\000r\000e}{section.6.6}% 108
\BOOKMARK [2][-]{subsection.6.6.5}{\376\377\000C\000o\000m\000p\000a\000r\000i\000s\000o\000n\000\040\000w\000i\000t\000h\000\040\000T\000r\000a\000d\000i\000t\000i\000o\000n\000a\000l\000\040\000M\000L}{section.6.6}% 109
\BOOKMARK [2][-]{subsection.6.6.6}{\376\377\000F\000e\000a\000s\000i\000b\000i\000l\000i\000t\000y\000\040\000o\000f\000\040\000S\000N\000N\000s\000\040\000f\000o\000r\000\040\000T\000a\000b\000u\000l\000a\000r\000\040\000F\000r\000a\000u\000d\000\040\000D\000e\000t\000e\000c\000t\000i\000o\000n}{section.6.6}% 110
\BOOKMARK [1][-]{section.6.7}{\376\377\000C\000h\000a\000p\000t\000e\000r\000\040\000S\000u\000m\000m\000a\000r\000y}{chapter.6}% 111
\BOOKMARK [0][-]{chapter.7}{\376\377\000P\000i\000p\000e\000l\000i\000n\000e\000\040\000o\000f\000\040\000A\000u\000t\000o\000e\000n\000c\000o\000d\000e\000r\000:\000\040\000U\000n\000s\000u\000p\000e\000r\000v\000i\000s\000e\000d\000\040\000F\000e\000a\000t\000u\000r\000e\000\040\000E\000x\000t\000r\000a\000c\000t\000i\000o\000n\000\040\000a\000n\000d\000\040\000L\000a\000t\000e\000n\000t\000\040\000S\000p\000a\000c\000e\000\040\000T\000o\000p\000o\000l\000o\000g\000y\000\040\000M\000a\000n\000i\000f\000o\000l\000d\000s\000\040\000v\000i\000a\000\040\000V\000a\000r\000i\000a\000t\000i\000o\000n\000a\000l\000\040\000a\000n\000d\000\040\000D\000e\000n\000o\000i\000s\000i\000n\000g\000\040\000A\000u\000t\000o\000e\000n\000c\000o\000d\000e\000r\000s}{}% 112
\BOOKMARK [1][-]{subsection.7.0.1}{\376\377\000M\000a\000i\000n\000\040\000Q\000u\000e\000s\000t\000i\000o\000n\000s\000\040\000a\000n\000d\000\040\000R\000e\000q\000u\000i\000r\000e\000m\000e\000n\000t\000s\000\040\000o\000f\000\040\000t\000h\000e\000\040\000E\000x\000p\000e\000r\000i\000m\000e\000n\000t\000s}{chapter.7}% 113
\BOOKMARK [2][-]{subsection.7.0.2}{\376\377\000M\000a\000t\000h\000e\000m\000a\000t\000i\000c\000a\000l\000\040\000F\000o\000u\000n\000d\000a\000t\000i\000o\000n\000s\000\040\000o\000f\000\040\000A\000u\000t\000o\000a\000s\000s\000o\000c\000i\000a\000t\000i\000v\000e\000\040\000A\000r\000c\000h\000i\000t\000e\000c\000t\000u\000r\000e\000s}{subsection.7.0.1}% 114
\BOOKMARK [2][-]{subsection.7.0.3}{\376\377\000T\000h\000e\000o\000r\000e\000t\000i\000c\000a\000l\000\040\000A\000n\000a\000l\000y\000s\000i\000s\000\040\000o\000f\000\040\000H\000y\000b\000r\000i\000d\000\040\000F\000e\000a\000t\000u\000r\000e\000-\000E\000x\000t\000r\000a\000c\000t\000i\000o\000n\000\040\000M\000e\000c\000h\000a\000n\000i\000s\000m\000s}{subsection.7.0.1}% 115
\BOOKMARK [2][-]{subsection.7.0.4}{\376\377\000C\000o\000n\000c\000r\000e\000t\000e\000\040\000E\000x\000p\000e\000r\000i\000m\000e\000n\000t\000a\000l\000\040\000E\000n\000v\000i\000r\000o\000n\000m\000e\000n\000t\000\040\000S\000e\000t\000u\000p}{subsection.7.0.1}% 116
\BOOKMARK [2][-]{subsection.7.0.5}{\376\377\000C\000o\000m\000p\000a\000r\000a\000t\000i\000v\000e\000\040\000E\000m\000p\000i\000r\000i\000c\000a\000l\000\040\000R\000e\000s\000u\000l\000t\000s\000\040\000a\000n\000d\000\040\000C\000r\000i\000t\000i\000c\000a\000l\000\040\000E\000v\000a\000l\000u\000a\000t\000i\000o\000n}{subsection.7.0.1}% 117
\BOOKMARK [2][-]{subsection.7.0.6}{\376\377\000C\000h\000a\000p\000t\000e\000r\000\040\000S\000u\000m\000m\000a\000r\000y\000\040\000a\000n\000d\000\040\000C\000o\000n\000t\000r\000i\000b\000u\000t\000i\000o\000n\000\040\000L\000o\000g}{subsection.7.0.1}% 118
\BOOKMARK [0][-]{chapter.8}{\376\377\000C\000r\000o\000s\000s\000-\000P\000i\000p\000e\000l\000i\000n\000e\000\040\000C\000o\000m\000p\000a\000r\000i\000s\000o\000n\000\040\000a\000n\000d\000\040\000D\000i\000s\000c\000u\000s\000s\000i\000o\000n}{}% 119
\BOOKMARK [1][-]{section.8.1}{\376\377\000P\000e\000r\000f\000o\000r\000m\000a\000n\000c\000e\000\040\000B\000e\000n\000c\000h\000m\000a\000r\000k\000i\000n\000g\000\040\000A\000c\000r\000o\000s\000s\000\040\000P\000i\000p\000e\000l\000i\000n\000e\000s}{chapter.8}% 120
\BOOKMARK [1][-]{section.8.2}{\376\377\000A\000r\000c\000h\000i\000t\000e\000c\000t\000u\000r\000a\000l\000\040\000D\000e\000s\000i\000g\000n\000\040\000C\000o\000m\000p\000a\000r\000i\000s\000o\000n}{chapter.8}% 121
\BOOKMARK [1][-]{section.8.3}{\376\377\000P\000r\000a\000c\000t\000i\000c\000a\000l\000\040\000D\000e\000p\000l\000o\000y\000m\000e\000n\000t\000\040\000C\000o\000n\000s\000i\000d\000e\000r\000a\000t\000i\000o\000n\000s}{chapter.8}% 122
\BOOKMARK [1][-]{section.8.4}{\376\377\000C\000r\000o\000s\000s\000-\000V\000e\000r\000s\000i\000o\000n\000\040\000R\000o\000b\000u\000s\000t\000n\000e\000s\000s\000\040\000A\000n\000a\000l\000y\000s\000i\000s}{chapter.8}% 123
\BOOKMARK [1][-]{section.8.5}{\376\377\000C\000l\000a\000s\000s\000\040\000I\000m\000b\000a\000l\000a\000n\000c\000e\000\040\000H\000a\000n\000d\000l\000i\000n\000g\000\040\000S\000t\000r\000a\000t\000e\000g\000i\000e\000s}{chapter.8}% 124
\BOOKMARK [1][-]{section.8.6}{\376\377\000F\000a\000i\000r\000n\000e\000s\000s\000\040\000A\000n\000a\000l\000y\000s\000i\000s\000\040\000A\000c\000r\000o\000s\000s\000\040\000P\000i\000p\000e\000l\000i\000n\000e\000s}{chapter.8}% 125
\BOOKMARK [1][-]{section.8.7}{\376\377\000I\000m\000p\000l\000i\000c\000a\000t\000i\000o\000n\000s\000\040\000f\000o\000r\000\040\000S\000o\000f\000t\000w\000a\000r\000e\000\040\000E\000n\000g\000i\000n\000e\000e\000r\000i\000n\000g\000\040\000P\000r\000a\000c\000t\000i\000c\000e}{chapter.8}% 126
\BOOKMARK [1][-]{section.8.8}{\376\377\000L\000i\000m\000i\000t\000a\000t\000i\000o\000n\000s\000\040\000o\000f\000\040\000t\000h\000e\000\040\000C\000u\000r\000r\000e\000n\000t\000\040\000A\000p\000p\000r\000o\000a\000c\000h}{chapter.8}% 127
\BOOKMARK [0][-]{chapter.9}{\376\377\000C\000o\000n\000c\000l\000u\000s\000i\000o\000n\000\040\000a\000n\000d\000\040\000F\000u\000t\000u\000r\000e\000\040\000W\000o\000r\000k}{}% 128
\BOOKMARK [1][-]{section.9.1}{\376\377\000S\000u\000m\000m\000a\000r\000y\000\040\000o\000f\000\040\000C\000o\000n\000t\000r\000i\000b\000u\000t\000i\000o\000n\000s}{chapter.9}% 129
\BOOKMARK [1][-]{section.9.2}{\376\377\000C\000r\000i\000t\000i\000c\000a\000l\000\040\000R\000e\000f\000l\000e\000c\000t\000i\000o\000n}{chapter.9}% 130
\BOOKMARK [1][-]{section.9.3}{\376\377\000R\000e\000c\000o\000m\000m\000e\000n\000d\000a\000t\000i\000o\000n\000s\000\040\000f\000o\000r\000\040\000F\000u\000t\000u\000r\000e\000\040\000R\000e\000s\000e\000a\000r\000c\000h}{chapter.9}% 131
\BOOKMARK [0][-]{appendix.A}{\376\377\000A\000I\000\040\000E\000t\000h\000i\000c\000s\000\040\000\046\000\040\000B\000i\000a\000s\000\040\000S\000t\000a\000t\000e\000m\000e\000n\000t}{}% 132
\BOOKMARK [1][-]{section.A.1}{\376\377\000E\000t\000h\000i\000c\000a\000l\000\040\000C\000o\000n\000s\000i\000d\000e\000r\000a\000t\000i\000o\000n\000s}{appendix.A}% 133
\BOOKMARK [1][-]{section.A.2}{\376\377\000B\000i\000a\000s\000\040\000A\000s\000s\000e\000s\000s\000m\000e\000n\000t}{appendix.A}% 134
\BOOKMARK [0][-]{appendix.B}{\376\377\000R\000e\000p\000r\000o\000d\000u\000c\000i\000b\000i\000l\000i\000t\000y\000\040\000R\000e\000p\000o\000r\000t}{}% 135
\BOOKMARK [1][-]{section.B.1}{\376\377\000H\000a\000r\000d\000w\000a\000r\000e\000\040\000a\000n\000d\000\040\000S\000o\000f\000t\000w\000a\000r\000e\000\040\000E\000n\000v\000i\000r\000o\000n\000m\000e\000n\000t}{appendix.B}% 136
\BOOKMARK [1][-]{section.B.2}{\376\377\000R\000a\000n\000d\000o\000m\000\040\000S\000e\000e\000d\000s}{appendix.B}% 137
\BOOKMARK [1][-]{section.B.3}{\376\377\000T\000r\000a\000i\000n\000i\000n\000g\000\040\000T\000i\000m\000e\000\040\000a\000n\000d\000\040\000R\000e\000s\000o\000u\000r\000c\000e\000\040\000E\000s\000t\000i\000m\000a\000t\000e\000s}{appendix.B}% 138
\BOOKMARK [1][-]{section.B.4}{\376\377\000D\000a\000t\000a\000s\000e\000t\000\040\000A\000c\000c\000e\000s\000s}{appendix.B}% 139
\BOOKMARK [1][-]{section.B.5}{\376\377\000C\000o\000d\000e\000\040\000A\000v\000a\000i\000l\000a\000b\000i\000l\000i\000t\000y}{appendix.B}% 140
\BOOKMARK [0][-]{appendix.C}{\376\377\000G\000e\000n\000e\000r\000a\000t\000i\000v\000e\000\040\000A\000I\000\040\000\050\000G\000e\000n\000A\000I\000\051\000\040\000D\000i\000s\000c\000l\000o\000s\000u\000r\000e}{}% 141
\BOOKMARK [1][-]{section.C.1}{\376\377\000G\000e\000n\000A\000I\000\040\000T\000o\000o\000l\000s\000\040\000U\000s\000e\000d}{appendix.C}% 142
\BOOKMARK [1][-]{section.C.2}{\376\377\000H\000u\000m\000a\000n\000\040\000O\000v\000e\000r\000s\000i\000g\000h\000t\000\040\000a\000n\000d\000\040\000V\000e\000r\000i\000f\000i\000c\000a\000t\000i\000o\000n}{appendix.C}% 143
\BOOKMARK [0][-]{appendix.D}{\376\377\000E\000x\000t\000e\000n\000d\000e\000d\000\040\000H\000y\000p\000e\000r\000p\000a\000r\000a\000m\000e\000t\000e\000r\000\040\000C\000o\000n\000f\000i\000g\000u\000r\000a\000t\000i\000o\000n\000s}{}% 144
\BOOKMARK [1][-]{section.D.1}{\376\377\000S\000p\000l\000i\000t\000\040\000G\000N\000N\000:\000\040\000T\000o\000p\000\040\0005\000\040\000C\000o\000n\000f\000i\000g\000u\000r\000a\000t\000i\000o\000n\000s}{appendix.D}% 145
\BOOKMARK [1][-]{section.D.2}{\376\377\000Q\000u\000a\000n\000t\000u\000m\000\040\000G\000N\000N\000\040\000\050\000Q\000G\000N\000N\000\051\000:\000\040\000C\000i\000r\000c\000u\000i\000t\000\040\000C\000o\000n\000f\000i\000g\000u\000r\000a\000t\000i\000o\000n\000\040\000S\000w\000e\000e\000p}{appendix.D}% 146
\BOOKMARK [1][-]{section.D.3}{\376\377\000D\000e\000n\000o\000i\000s\000i\000n\000g\000\040\000A\000u\000t\000o\000e\000n\000c\000o\000d\000e\000r\000\040\000A\000r\000c\000h\000i\000t\000e\000c\000t\000u\000r\000e\000\040\000D\000e\000t\000a\000i\000l\000s}{appendix.D}% 147
\BOOKMARK [1][-]{section.D.4}{\376\377\000S\000p\000i\000k\000i\000n\000g\000\040\000N\000e\000u\000r\000a\000l\000\040\000N\000e\000t\000w\000o\000r\000k\000\040\000M\000a\000t\000h\000e\000m\000a\000t\000i\000c\000a\000l\000\040\000D\000e\000r\000i\000v\000a\000t\000i\000o\000n\000s}{appendix.D}% 148
\BOOKMARK [0][-]{appendix.E}{\376\377\000D\000e\000n\000o\000i\000s\000i\000n\000g\000\040\000A\000u\000t\000o\000e\000n\000c\000o\000d\000e\000r\000\040\000A\000r\000c\000h\000i\000t\000e\000c\000t\000u\000r\000e\000\040\000a\000n\000d\000\040\000O\000b\000j\000e\000c\000t\000i\000v\000e\000\040\000F\000o\000r\000m\000u\000l\000a\000t\000i\000o\000n\000s}{}% 149
\BOOKMARK [1][-]{section.E.1}{\376\377\000T\000a\000b\000u\000l\000a\000r\000\040\000S\000w\000a\000p\000\040\000N\000o\000i\000s\000e\000\040\000A\000u\000g\000m\000e\000n\000t\000a\000t\000i\000o\000n}{appendix.E}% 150
\BOOKMARK [1][-]{section.E.2}{\376\377\000D\000A\000E\000\040\000O\000b\000j\000e\000c\000t\000i\000v\000e\000\040\000F\000u\000n\000c\000t\000i\000o\000n}{appendix.E}% 151
\BOOKMARK [1][-]{section.E.3}{\376\377\000N\000e\000t\000w\000o\000r\000k\000\040\000T\000o\000p\000o\000l\000o\000g\000y}{appendix.E}% 152
\BOOKMARK [0][-]{appendix.F}{\376\377\000S\000p\000i\000k\000i\000n\000g\000\040\000N\000e\000u\000r\000a\000l\000\040\000N\000e\000t\000w\000o\000r\000k\000\040\000M\000a\000t\000h\000e\000m\000a\000t\000i\000c\000a\000l\000\040\000D\000e\000r\000i\000v\000a\000t\000i\000o\000n\000s}{}% 153
\BOOKMARK [1][-]{section.F.1}{\376\377\000L\000e\000a\000k\000y\000\040\000I\000n\000t\000e\000g\000r\000a\000t\000e\000-\000a\000n\000d\000-\000F\000i\000r\000e\000\040\000\050\000L\000I\000F\000\051\000\040\000D\000y\000n\000a\000m\000i\000c\000s}{appendix.F}% 154
\BOOKMARK [2][-]{subsection.F.1.1}{\376\377\000C\000o\000n\000t\000i\000n\000u\000o\000u\000s\000-\000T\000i\000m\000e\000\040\000F\000o\000r\000m\000u\000l\000a\000t\000i\000o\000n}{section.F.1}% 155
\BOOKMARK [2][-]{subsection.F.1.2}{\376\377\000D\000i\000s\000c\000r\000e\000t\000e\000-\000T\000i\000m\000e\000\040\000E\000u\000l\000e\000r\000\040\000A\000p\000p\000r\000o\000x\000i\000m\000a\000t\000i\000o\000n}{section.F.1}% 156
\BOOKMARK [2][-]{subsection.F.1.3}{\376\377\000R\000a\000t\000e\000\040\000C\000o\000d\000i\000n\000g\000\040\000a\000n\000d\000\040\000O\000u\000t\000p\000u\000t\000\040\000D\000e\000c\000o\000d\000i\000n\000g}{section.F.1}% 157
\BOOKMARK [1][-]{section.F.2}{\376\377\000S\000u\000r\000r\000o\000g\000a\000t\000e\000\040\000G\000r\000a\000d\000i\000e\000n\000t\000\040\000D\000e\000s\000c\000e\000n\000t\000\040\000\050\000A\000r\000c\000T\000a\000n\000\051}{appendix.F}% 158
\BOOKMARK [2][-]{subsection.F.2.1}{\376\377\000S\000u\000r\000r\000o\000g\000a\000t\000e\000\040\000G\000r\000a\000d\000i\000e\000n\000t\000\040\000F\000r\000a\000m\000e\000w\000o\000r\000k}{section.F.2}% 159
\BOOKMARK [2][-]{subsection.F.2.2}{\376\377\000A\000r\000c\000T\000a\000n\000\040\000S\000u\000r\000r\000o\000g\000a\000t\000e\000\040\000G\000r\000a\000d\000i\000e\000n\000t}{section.F.2}% 160
\BOOKMARK [2][-]{subsection.F.2.3}{\376\377\000G\000r\000a\000d\000i\000e\000n\000t\000\040\000P\000r\000o\000p\000a\000g\000a\000t\000i\000o\000n\000\040\000T\000h\000r\000o\000u\000g\000h\000\040\000T\000i\000m\000e}{section.F.2}% 161
\BOOKMARK [0][-]{appendix.G}{\376\377\000G\000r\000a\000p\000h\000\040\000N\000e\000u\000r\000a\000l\000\040\000N\000e\000t\000w\000o\000r\000k\000\040\000A\000l\000g\000o\000r\000i\000t\000h\000m\000i\000c\000\040\000P\000r\000o\000c\000e\000d\000u\000r\000e\000s}{}% 162
\BOOKMARK [1][-]{section.G.1}{\376\377\000A\000l\000g\000o\000r\000i\000t\000h\000m\000\040\0001\000:\000\040\000Q\000u\000a\000n\000t\000u\000m\000\040\000G\000N\000N\000\040\000F\000o\000r\000w\000a\000r\000d\000\040\000P\000a\000s\000s\000\040\000a\000n\000d\000\040\000T\000r\000a\000i\000n\000i\000n\000g}{appendix.G}% 163
\BOOKMARK [1][-]{section.G.2}{\376\377\000A\000l\000g\000o\000r\000i\000t\000h\000m\000\040\0002\000:\000\040\000S\000p\000l\000i\000t\000G\000N\000N\000\040\000T\000r\000a\000i\000n\000i\000n\000g\000\040\000P\000r\000o\000c\000e\000d\000u\000r\000e}{appendix.G}% 164
\BOOKMARK [0][-]{appendix*.116}{\376\377\000R\000e\000f\000e\000r\000e\000n\000c\000e\000s}{}% 165
